typemeta:
  kind: AzureCluster
  apiversion: infrastructure.cluster.x-k8s.io/v1alpha3
objectmeta:
  name: ""
  generatename: ""
  namespace: ""
  selflink: ""
  uid: ""
  resourceversion: "2"
  generation: 0
  creationtimestamp: "0001-01-01T00:00:00Z"
  deletiontimestamp: null
  deletiongraceperiodseconds: null
  labels:
    azure-operator.giantswarm.io/version: ""
    cluster.x-k8s.io/cluster-name: ""
    giantswarm.io/cluster: ""
    giantswarm.io/organization: ""
    release.giantswarm.io/version: ""
  annotations:
    cluster.giantswarm.io/description: ""
  ownerreferences: []
  finalizers: []
  clustername: ""
  managedfields: []
spec:
  networkspec:
    vnet:
      resourcegroup: ""
      id: ""
      name: -VirtualNetwork
      cidrblock: ""
      tags: {}
    subnets: []
  resourcegroup: ""
  subscriptionid: ""
  location: westeurope
  controlplaneendpoint:
    host: api.c6fme.k8s.ghost.westeurope.azure.gigantic.io
    port: 443
  additionaltags: {}
status:
  network:
    apiserverlb:
      id: ""
      name: ""
      sku: ""
      frontendipconfig: {}
      backendpool:
        name: ""
        id: ""
      tags: {}
    apiserverip:
      id: ""
      name: ""
      ipaddress: ""
      dnsname: ""
  failuredomains: {}
  bastion:
    id: ""
    name: ""
    availabilityzone: ""
    vmsize: ""
    image:
      id: null
      sharedgallery: null
      marketplace: null
    osdisk:
      ostype: ""
      disksizegb: 0
      manageddisk:
        storageaccounttype: ""
      diffdisksettings: null
    startupscript: ""
    state: ""
    identity: ""
    tags: {}
    addresses: []
  ready: false
  conditions: []
