apiVersion: cluster.x-k8s.io/v1alpha3
kind: Cluster
metadata:
  annotations:
    cluster.giantswarm.io/description: my-test-cluster
  creationTimestamp: null
  labels:
    azure-operator.giantswarm.io/version: 4.2.0
    cluster-operator.giantswarm.io/version: ""
    cluster.x-k8s.io/cluster-name: c6fme
    giantswarm.io/cluster: c6fme
    giantswarm.io/organization: giantswarm
    release.giantswarm.io/upgrading-to-node-pools: "True"
    release.giantswarm.io/version: 12.0.0
  name: c6fme
  namespace: org-giantswarm
  resourceVersion: "1"
spec:
  clusterNetwork:
    apiServerPort: 443
    serviceDomain: cluster.local
    services:
      cidrBlocks:
      - 172.31.0.0/16
  controlPlaneEndpoint:
    host: api.c6fme.k8s.ghost.westeurope.azure.gigantic.io
    port: 443
  infrastructureRef:
    kind: AzureCluster
    name: c6fme
    namespace: org-giantswarm
status:
  controlPlaneInitialized: false
  infrastructureReady: false
