apiVersion: v1
data:
  ignitionBlob: ewogICJpZ25pdGlvbiI6IHsKICAgICJjb25maWciOiB7fSwKICAgICJzZWN1cml0eSI6IHsKICAgICAgInRscyI6IHt9CiAgICB9LAogICAgInRpbWVvdXRzIjoge30sCiAgICAidmVyc2lvbiI6ICIyLjIuMCIKICB9LAogICJuZXR3b3JrZCI6IHt9LAogICJwYXNzd2QiOiB7CiAgICAidXNlcnMiOiBbCiAgICAgIHsKICAgICAgICAiZ3JvdXBzIjogWwogICAgICAgICAgInN1ZG8iLAogICAgICAgICAgImRvY2tlciIKICAgICAgICBdLAogICAgICAgICJuYW1lIjogImdpYW50c3dhcm0iLAogICAgICAgICJzc2hBdXRob3JpemVkS2V5cyI6IFsKICAgICAgICAgICJzc2gtcnNhIEFBQUFCM056YUMxeWMyRUFBQUFEQVFBQkFBQUNBUUN1SnZ4eTNGS0dyZko0WEI1ZXhFZEtYaXFxdGVYRVBGelB0ZXg2ZEMwbEh5aWd0TzdsK05YWGJzOUxnYTIrSWZzMFR6YTkyTVJoZy9GSis2emEzb1VMRm83K2dEeXQ4NkRJa1prTUZkblN2OStZeFllK2c0enFha1NWK2JMVmYyS1A2a3JVR0piN3Q0TmIrZ0dINjJBaVV4KzU4T254bjVydllDMC9BWE9ZaGtBaUg4UHlkWFRESkRQaFNBL3FXU1dFZUNRaXN0cFpFREZuYVZpMGU3dXEvazNoV0ordjlHejBxcUNoSEtXV09ZcDNXNmFpSUUzRzZnTE9YTkVCZFdScmpLNnhtclNtbzlUb3FoMUc3aUlWMFk2bzl3NWdJSEp4ZjYrOFg3MERDdVZEeDlPTEhtampNeUduZCsxYzN5VEZNVWR1Z3R2bWVpR1dFMEU3WmpOU05JcVdsbnZZSjBFMVhQQml5UTduaGl0T3RWdlBDNGtwUlA3bk9GaUNLOW44THIzejNwNHYzR08wRlUzL3F2TFgrRUNPcllLMzE2Z3R3U0pNZCtISW91Q2JhSmFGR3ZUMzRwZWFxMXVsdU9QL0pFK3JGT25zelpGcENZZ1RZMmI0bFdqZjJrcmtJL2EvM05ESlBuUnBqb0UzUmptYmVwa1plSWRPS1RDVEgxeFlaM084ZFdLUlg4WDR4T1J2S0pPK29WMlVkb1psRmEvV0pUbXEyM3o0cENWbTBVV0RZUjVDMmI5Zkh3eGgveHJQVDdDUTBFK0U5d21lT3ZSNHdwcERNc2VHUUNMK3JTenkyQVlpUTNEOGlReGswcjZUKzlNeWlSQ2Z1WTczcDYzZ0IzbTM3ak1RU0xIdm03N01rUm5ZY0J5NjFReGsreStsczJEMHhKZnF4dz09IGdpYW50c3dhcm0iCiAgICAgICAgXSwKICAgICAgICAic2hlbGwiOiAiL2Jpbi9iYXNoIiwKICAgICAgICAidWlkIjogMTAwMAogICAgICB9LAogICAgICB7CiAgICAgICAgImdyb3VwcyI6IFsKICAgICAgICAgICJzdWRvIiwKICAgICAgICAgICJkb2NrZXIiCiAgICAgICAgXSwKICAgICAgICAibmFtZSI6ICJqb3NlIiwKICAgICAgICAic3NoQXV0aG9yaXplZEtleXMiOiBbCiAgICAgICAgICAicHVibGlja2V5IgogICAgICAgIF0sCiAgICAgICAgInNoZWxsIjogIi9iaW4vYmFzaCIKICAgICAgfQogICAgXQogIH0sCiAgInN0b3JhZ2UiOiB7CiAgICAiZGlyZWN0b3JpZXMiOiBbCiAgICAgIHsKICAgICAgICAiZmlsZXN5c3RlbSI6ICJyb290IiwKICAgICAgICAiZ3JvdXAiOiB7CiAgICAgICAgICAibmFtZSI6ICJnaWFudHN3YXJtIgogICAgICAgIH0sCiAgICAgICAgIm1vZGUiOiAyNjQ0LAogICAgICAgICJwYXRoIjogIi92YXIvbG9nL2ZsdWVudGJpdF9kYiIsCiAgICAgICAgInVzZXIiOiB7CiAgICAgICAgICAibmFtZSI6ICJnaWFudHN3YXJtIgogICAgICAgIH0KICAgICAgfQogICAgXSwKICAgICJmaWxlcyI6IFsKICAgICAgewogICAgICAgICJjb250ZW50cyI6IHsKICAgICAgICAgICJ2ZXJpZmljYXRpb24iOiB7fQogICAgICAgIH0sCiAgICAgICAgImZpbGVzeXN0ZW0iOiAicm9vdCIsCiAgICAgICAgInBhdGgiOiAiL2Jvb3QvY29yZW9zL2ZpcnN0X2Jvb3QiCiAgICAgIH0sCiAgICAgIHsKICAgICAgICAiY29udGVudHMiOiB7CiAgICAgICAgICAic291cmNlIjogImRhdGE6dGV4dC9wbGFpbjtiYXNlNjQsYzNOdlVIVmliR2xqUzJWNUNnPT0iLAogICAgICAgICAgInZlcmlmaWNhdGlvbiI6IHt9CiAgICAgICAgfSwKICAgICAgICAiZmlsZXN5c3RlbSI6ICJyb290IiwKICAgICAgICAibW9kZSI6IDQyMCwKICAgICAgICAicGF0aCI6ICIvZXRjL3NzaC90cnVzdGVkLXVzZXItY2Eta2V5cy5wZW0iCiAgICAgIH0sCiAgICAgIHsKICAgICAgICAiY29udGVudHMiOiB7CiAgICAgICAgICAic291cmNlIjogImRhdGE6dGV4dC9wbGFpbjtjaGFyc2V0PXV0Zi04O2Jhc2U2NCxhMmx1WkRvZ1MzVmlaV3hsZEVOdmJtWnBaM1Z5WVhScGIyNEtZWEJwVm1WeWMybHZiam9nYTNWaVpXeGxkQzVqYjI1bWFXY3Vhemh6TG1sdkwzWXhZbVYwWVRFS1lXUmtjbVZ6Y3pvZ0pIdEVSVVpCVlV4VVgwbFFWalI5Q25CdmNuUTZJREV3TWpVd0NtaGxZV3gwYUhwQ2FXNWtRV1JrY21WemN6b2dJakF1TUM0d0xqQWlDbWhsWVd4MGFIcFFiM0owT2lBeE1ESTBPQXBqYkhWemRHVnlSRTVUT2dvZ0lDMGdNVEF1TUM0d0xqRXdDbU5zZFhOMFpYSkViMjFoYVc0NklBcGxkbWxqZEdsdmJsTnZablE2Q2lBZ2JXVnRiM0o1TG1GMllXbHNZV0pzWlRvZ0lqVXdNRTFwSWdwbGRtbGpkR2x2YmtoaGNtUTZDaUFnYldWdGIzSjVMbUYyWVdsc1lXSnNaVG9nSWpJd01FMXBJZ29nSUdsdFlXZGxabk11WVhaaGFXeGhZbXhsT2lBaU1UVWxJZ3BsZG1samRHbHZibE52Wm5SSGNtRmpaVkJsY21sdlpEb0tJQ0J0WlcxdmNua3VZWFpoYVd4aFlteGxPaUFpTlhNaUNtVjJhV04wYVc5dVRXRjRVRzlrUjNKaFkyVlFaWEpwYjJRNklEWXdDbXQxWW1WU1pYTmxjblpsWkRvS0lDQmpjSFU2SURJMU1HMEtJQ0J0WlcxdmNuazZJRGMyT0UxcENpQWdaWEJvWlcxbGNtRnNMWE4wYjNKaFoyVTZJREV3TWpSTmFRcHJkV0psVW1WelpYSjJaV1JEWjNKdmRYQTZJQzlyZFdKbGNtVnpaWEoyWldRdWMyeHBZMlVLYldGNFVHOWtjem9nSkh0TlFWaGZVRTlFVTMwS2MzbHpkR1Z0VW1WelpYSjJaV1E2Q2lBZ1kzQjFPaUF5TlRCdENpQWdiV1Z0YjNKNU9pQXpPRFJOYVFwemVYTjBaVzFTWlhObGNuWmxaRU5uY205MWNEb2dMM041YzNSbGJTNXpiR2xqWlFwaGRYUm9aVzUwYVdOaGRHbHZiam9LSUNCaGJtOXVlVzF2ZFhNNkNpQWdJQ0JsYm1GaWJHVmtPaUIwY25WbElDTWdSR1ZtWVhWc2RITWdkRzhnWm1Gc2MyVWdZWE1nYjJZZ01TNHhNQW9nSUhkbFltaHZiMnM2Q2lBZ0lDQmxibUZpYkdWa09pQm1ZV3h6WlNBaklFUmxZV1oxYkhSeklIUnZJSFJ5ZFdVZ1lYTWdiMllnTVM0eE1BcGhkWFJvYjNKcGVtRjBhVzl1T2dvZ0lHMXZaR1U2SUVGc2QyRjVjMEZzYkc5M0lDTWdSR1ZoWm5Wc2RITWdkRzhnZDJWaWFHOXZheUJoY3lCdlppQXhMakV3Q21abFlYUjFjbVZIWVhSbGN6b0tJQ0JVVkV4QlpuUmxja1pwYm1semFHVmtPaUIwY25WbENuUnNjME5wY0dobGNsTjFhWFJsY3pvS0lDQXRJRlJNVTE5RlEwUklSVjlGUTBSVFFWOVhTVlJJWDBGRlUxOHhNamhmUjBOTlgxTklRVEkxTmdvZ0lDMGdWRXhUWDBWRFJFaEZYMFZEUkZOQlgxZEpWRWhmUVVWVFh6STFObDlIUTAxZlUwaEJNemcwQ2lBZ0xTQlVURk5mUlVORVNFVmZSVU5FVTBGZlYwbFVTRjlEU0VGRFNFRXlNRjlRVDB4Wk1UTXdOUW9nSUMwZ1ZFeFRYMFZEUkVoRlgxSlRRVjlYU1ZSSVgwRkZVMTh4TWpoZlIwTk5YMU5JUVRJMU5nb2dJQzBnVkV4VFgwVkRSRWhGWDFKVFFWOVhTVlJJWDBGRlUxOHlOVFpmUjBOTlgxTklRVE00TkFvZ0lDMGdWRXhUWDBWRFJFaEZYMUpUUVY5WFNWUklYME5JUVVOSVFUSXdYMUJQVEZreE16QTFDaUFnTFNCVVRGTmZVbE5CWDFkSlZFaGZRVVZUWHpJMU5sOUhRMDFmVTBoQk16ZzBDaUFnTFNCVVRGTmZVbE5CWDFkSlZFaGZRVVZUWHpFeU9GOUhRMDFmVTBoQk1qVTJDZz09IiwKICAgICAgICAgICJ2ZXJpZmljYXRpb24iOiB7fQogICAgICAgIH0sCiAgICAgICAgImZpbGVzeXN0ZW0iOiAicm9vdCIsCiAgICAgICAgIm1vZGUiOiA0MjAsCiAgICAgICAgInBhdGgiOiAiL2V0Yy9rdWJlcm5ldGVzL2NvbmZpZy9rdWJlbGV0LnlhbWwudG1wbCIKICAgICAgfSwKICAgICAgewogICAgICAgICJjb250ZW50cyI6IHsKICAgICAgICAgICJzb3VyY2UiOiAiZGF0YTp0ZXh0L3BsYWluO2NoYXJzZXQ9dXRmLTg7YmFzZTY0LFlYQnBWbVZ5YzJsdmJqb2dkakVLYTJsdVpEb2dRMjl1Wm1sbkNuVnpaWEp6T2dvdElHNWhiV1U2SUd0MVltVnNaWFFLSUNCMWMyVnlPZ29nSUNBZ1kyeHBaVzUwTFdObGNuUnBabWxqWVhSbE9pQXZaWFJqTDJ0MVltVnlibVYwWlhNdmMzTnNMM2R2Y210bGNpMWpjblF1Y0dWdENpQWdJQ0JqYkdsbGJuUXRhMlY1T2lBdlpYUmpMMnQxWW1WeWJtVjBaWE12YzNOc0wzZHZjbXRsY2kxclpYa3VjR1Z0Q21Oc2RYTjBaWEp6T2dvdElHNWhiV1U2SUd4dlkyRnNDaUFnWTJ4MWMzUmxjam9LSUNBZ0lHTmxjblJwWm1sallYUmxMV0YxZEdodmNtbDBlVG9nTDJWMFl5OXJkV0psY201bGRHVnpMM056YkM5M2IzSnJaWEl0WTJFdWNHVnRDaUFnSUNCelpYSjJaWEk2SUdoMGRIQnpPaTh2WVhCcExtTTJabTFsTG1zNGN5NW5hRzl6ZEM1M1pYTjBaWFZ5YjNCbExtRjZkWEpsTG1kcFoyRnVkR2xqTG1sdkNtTnZiblJsZUhSek9nb3RJR052Ym5SbGVIUTZDaUFnSUNCamJIVnpkR1Z5T2lCc2IyTmhiQW9nSUNBZ2RYTmxjam9nYTNWaVpXeGxkQW9nSUc1aGJXVTZJSE5sY25acFkyVXRZV05qYjNWdWRDMWpiMjUwWlhoMENtTjFjbkpsYm5RdFkyOXVkR1Y0ZERvZ2MyVnlkbWxqWlMxaFkyTnZkVzUwTFdOdmJuUmxlSFFLIiwKICAgICAgICAgICJ2ZXJpZmljYXRpb24iOiB7fQogICAgICAgIH0sCiAgICAgICAgImZpbGVzeXN0ZW0iOiAicm9vdCIsCiAgICAgICAgIm1vZGUiOiA0MjAsCiAgICAgICAgInBhdGgiOiAiL2V0Yy9rdWJlcm5ldGVzL2t1YmVjb25maWcva3ViZWxldC55YW1sIgogICAgICB9LAogICAgICB7CiAgICAgICAgImNvbnRlbnRzIjogewogICAgICAgICAgInNvdXJjZSI6ICJkYXRhOnRleHQvcGxhaW47Y2hhcnNldD11dGYtODtiYXNlNjQsWVhCcFZtVnljMmx2YmpvZ2EzVmlaWEJ5YjNoNUxtTnZibVpwWnk1ck9ITXVhVzh2ZGpGaGJIQm9ZVEVLWTJ4cFpXNTBRMjl1Ym1WamRHbHZiam9LSUNCcmRXSmxZMjl1Wm1sbk9pQXZaWFJqTDJ0MVltVnlibVYwWlhNdlkyOXVabWxuTDNCeWIzaDVMV3QxWW1WamIyNW1hV2N1ZVdGdGJBcHJhVzVrT2lCTGRXSmxVSEp2ZUhsRGIyNW1hV2QxY21GMGFXOXVDbTF2WkdVNklHbHdkR0ZpYkdWekNtMWxkSEpwWTNOQ2FXNWtRV1JrY21WemN6b2dNQzR3TGpBdU1Eb3hNREkwT1FvPSIsCiAgICAgICAgICAidmVyaWZpY2F0aW9uIjoge30KICAgICAgICB9LAogICAgICAgICJmaWxlc3lzdGVtIjogInJvb3QiLAogICAgICAgICJtb2RlIjogNDIwLAogICAgICAgICJwYXRoIjogIi9ldGMva3ViZXJuZXRlcy9jb25maWcvcHJveHktY29uZmlnLnltbCIKICAgICAgfSwKICAgICAgewogICAgICAgICJjb250ZW50cyI6IHsKICAgICAgICAgICJzb3VyY2UiOiAiZGF0YTp0ZXh0L3BsYWluO2NoYXJzZXQ9dXRmLTg7YmFzZTY0LFlYQnBWbVZ5YzJsdmJqb2dkakVLYTJsdVpEb2dRMjl1Wm1sbkNuVnpaWEp6T2dvdElHNWhiV1U2SUhCeWIzaDVDaUFnZFhObGNqb0tJQ0FnSUdOc2FXVnVkQzFqWlhKMGFXWnBZMkYwWlRvZ0wyVjBZeTlyZFdKbGNtNWxkR1Z6TDNOemJDOTNiM0pyWlhJdFkzSjBMbkJsYlFvZ0lDQWdZMnhwWlc1MExXdGxlVG9nTDJWMFl5OXJkV0psY201bGRHVnpMM056YkM5M2IzSnJaWEl0YTJWNUxuQmxiUXBqYkhWemRHVnljem9LTFNCdVlXMWxPaUJzYjJOaGJBb2dJR05zZFhOMFpYSTZDaUFnSUNCalpYSjBhV1pwWTJGMFpTMWhkWFJvYjNKcGRIazZJQzlsZEdNdmEzVmlaWEp1WlhSbGN5OXpjMnd2ZDI5eWEyVnlMV05oTG5CbGJRb2dJQ0FnYzJWeWRtVnlPaUJvZEhSd2N6b3ZMMkZ3YVM1ak5tWnRaUzVyT0hNdVoyaHZjM1F1ZDJWemRHVjFjbTl3WlM1aGVuVnlaUzVuYVdkaGJuUnBZeTVwYndwamIyNTBaWGgwY3pvS0xTQmpiMjUwWlhoME9nb2dJQ0FnWTJ4MWMzUmxjam9nYkc5allXd0tJQ0FnSUhWelpYSTZJSEJ5YjNoNUNpQWdibUZ0WlRvZ2MyVnlkbWxqWlMxaFkyTnZkVzUwTFdOdmJuUmxlSFFLWTNWeWNtVnVkQzFqYjI1MFpYaDBPaUJ6WlhKMmFXTmxMV0ZqWTI5MWJuUXRZMjl1ZEdWNGRBbz0iLAogICAgICAgICAgInZlcmlmaWNhdGlvbiI6IHt9CiAgICAgICAgfSwKICAgICAgICAiZmlsZXN5c3RlbSI6ICJyb290IiwKICAgICAgICAibW9kZSI6IDQyMCwKICAgICAgICAicGF0aCI6ICIvZXRjL2t1YmVybmV0ZXMvY29uZmlnL3Byb3h5LWt1YmVjb25maWcueWFtbCIKICAgICAgfSwKICAgICAgewogICAgICAgICJjb250ZW50cyI6IHsKICAgICAgICAgICJzb3VyY2UiOiAiZGF0YTp0ZXh0L3BsYWluO2NoYXJzZXQ9dXRmLTg7YmFzZTY0LFlYQnBWbVZ5YzJsdmJqb2dkakVLYTJsdVpEb2dRMjl1Wm1sbkNuVnpaWEp6T2dvdElHNWhiV1U2SUhCeWIzaDVDaUFnZFhObGNqb0tJQ0FnSUdOc2FXVnVkQzFqWlhKMGFXWnBZMkYwWlRvZ0wyVjBZeTlyZFdKbGNtNWxkR1Z6TDNOemJDOTNiM0pyWlhJdFkzSjBMbkJsYlFvZ0lDQWdZMnhwWlc1MExXdGxlVG9nTDJWMFl5OXJkV0psY201bGRHVnpMM056YkM5M2IzSnJaWEl0YTJWNUxuQmxiUXBqYkhWemRHVnljem9LTFNCdVlXMWxPaUJzYjJOaGJBb2dJR05zZFhOMFpYSTZDaUFnSUNCalpYSjBhV1pwWTJGMFpTMWhkWFJvYjNKcGRIazZJQzlsZEdNdmEzVmlaWEp1WlhSbGN5OXpjMnd2ZDI5eWEyVnlMV05oTG5CbGJRb2dJQ0FnYzJWeWRtVnlPaUJvZEhSd2N6b3ZMMkZ3YVM1ak5tWnRaUzVyT0hNdVoyaHZjM1F1ZDJWemRHVjFjbTl3WlM1aGVuVnlaUzVuYVdkaGJuUnBZeTVwYndwamIyNTBaWGgwY3pvS0xTQmpiMjUwWlhoME9nb2dJQ0FnWTJ4MWMzUmxjam9nYkc5allXd0tJQ0FnSUhWelpYSTZJSEJ5YjNoNUNpQWdibUZ0WlRvZ2MyVnlkbWxqWlMxaFkyTnZkVzUwTFdOdmJuUmxlSFFLWTNWeWNtVnVkQzFqYjI1MFpYaDBPaUJ6WlhKMmFXTmxMV0ZqWTI5MWJuUXRZMjl1ZEdWNGRBbz0iLAogICAgICAgICAgInZlcmlmaWNhdGlvbiI6IHt9CiAgICAgICAgfSwKICAgICAgICAiZmlsZXN5c3RlbSI6ICJyb290IiwKICAgICAgICAibW9kZSI6IDQyMCwKICAgICAgICAicGF0aCI6ICIvZXRjL2t1YmVybmV0ZXMva3ViZWNvbmZpZy9rdWJlLXByb3h5LnlhbWwiCiAgICAgIH0sCiAgICAgIHsKICAgICAgICAiY29udGVudHMiOiB7CiAgICAgICAgICAic291cmNlIjogImRhdGE6dGV4dC9wbGFpbjtjaGFyc2V0PXV0Zi04O2Jhc2U2NCxJeUV2WW1sdUwySmhjMmdLQ2lNZ1pYaGhiWEJzWlM1amIyMGdhWE1nZEdobGNtVWdkRzhnYldsMGFXZGhkR1VnUVZkVElFUk9VeUJwYzNOMVpYTWdkMmhwWTJnZ1lYUWdjM1JoY25SMWNDQnBjeUJoWW14bElIUnZDaU1nY21WemIyeDJaU0JwYm5SbGNtNWhiQ0JCVjFNZ1JFNVRJRzVoYldWeklHSjFkQ0J1YjNRZ2NIVmliR2xqSUVST1V5NEtaRzl0WVdsdWN6MGlaWFJqWkM1ak5tWnRaUzVyT0hNdVoyaHZjM1F1ZDJWemRHVjFjbTl3WlM1aGVuVnlaUzVuYVdkaGJuUnBZeTVwYnlCaGNHa3VZelptYldVdWF6aHpMbWRvYjNOMExuZGxjM1JsZFhKdmNHVXVZWHAxY21VdVoybG5ZVzUwYVdNdWFXOGdaWGhoYlhCc1pTNWpiMjBpQ2dwbWIzSWdaRzl0WVdsdUlHbHVJQ1JrYjIxaGFXNXpPeUJrYndwMWJuUnBiQ0J1YzJ4dmIydDFjQ0FrWkc5dFlXbHVPeUJrYndvZ0lDQWdaV05vYnlBaVYyRnBkR2x1WnlCbWIzSWdaRzl0WVdsdUlDUmtiMjFoYVc0Z2RHOGdZbVVnWVhaaGFXeGhZbXhsSWdvZ0lDQWdjMnhsWlhBZ05RcGtiMjVsQ2dwbFkyaHZJQ0pUZFdOalpYTnpablZzYkhrZ2NtVnpiMngyWldRZ1pHOXRZV2x1SUNSa2IyMWhhVzRpQ21SdmJtVUsiLAogICAgICAgICAgInZlcmlmaWNhdGlvbiI6IHt9CiAgICAgICAgfSwKICAgICAgICAiZmlsZXN5c3RlbSI6ICJyb290IiwKICAgICAgICAibW9kZSI6IDM1NiwKICAgICAgICAicGF0aCI6ICIvb3B0L3dhaXQtZm9yLWRvbWFpbnMiCiAgICAgIH0sCiAgICAgIHsKICAgICAgICAiY29udGVudHMiOiB7CiAgICAgICAgICAic291cmNlIjogImRhdGE6dGV4dC9wbGFpbjtjaGFyc2V0PXV0Zi04O2Jhc2U2NCxJeUJWYzJVZ2JXOXpkQ0JrWldaaGRXeDBjeUJtYjNJZ2MzTm9aQ0JqYjI1bWFXZDFjbUYwYVc5dUxncFRkV0p6ZVhOMFpXMGdjMlowY0NCcGJuUmxjbTVoYkMxelpuUndDa05zYVdWdWRFRnNhWFpsU1c1MFpYSjJZV3dnTVRnd0NsVnpaVVJPVXlCdWJ3cFZjMlZRUVUwZ2VXVnpDbEJ5YVc1MFRHRnpkRXh2WnlCdWJ5QWpJR2hoYm1Sc1pXUWdZbmtnVUVGTkNsQnlhVzUwVFc5MFpDQnVieUFqSUdoaGJtUnNaV1FnWW5rZ1VFRk5DaU1nVG05dUlHUmxabUYxYkhSeklDZ2pNVEF3S1FwRGJHbGxiblJCYkdsMlpVTnZkVzUwVFdGNElESUtVR0Z6YzNkdmNtUkJkWFJvWlc1MGFXTmhkR2x2YmlCdWJ3cFVjblZ6ZEdWa1ZYTmxja05CUzJWNWN5QXZaWFJqTDNOemFDOTBjblZ6ZEdWa0xYVnpaWEl0WTJFdGEyVjVjeTV3WlcwS1RXRjRRWFYwYUZSeWFXVnpJRFVLVEc5bmFXNUhjbUZqWlZScGJXVWdOakFLUVd4c2IzZFVZM0JHYjNKM1lYSmthVzVuSUc1dkNrRnNiRzkzUVdkbGJuUkdiM0ozWVhKa2FXNW5JRzV2Q2c9PSIsCiAgICAgICAgICAidmVyaWZpY2F0aW9uIjoge30KICAgICAgICB9LAogICAgICAgICJmaWxlc3lzdGVtIjogInJvb3QiLAogICAgICAgICJtb2RlIjogNDIwLAogICAgICAgICJwYXRoIjogIi9ldGMvc3NoL3NzaGRfY29uZmlnIgogICAgICB9LAogICAgICB7CiAgICAgICAgImNvbnRlbnRzIjogewogICAgICAgICAgInNvdXJjZSI6ICJkYXRhOnRleHQvcGxhaW47Y2hhcnNldD11dGYtODtiYXNlNjQsSXlFdlltbHVMMkpoYzJnS1pXNTJYMlpwYkdVOUlpOWxkR012YTNWaVpXeGxkQzFsYm5acGNtOXViV1Z1ZENJS0NpTWdjMlYwSUcxaGVDQndiMlJ6SUhaaGNtbGhZbXhsQ2sxQldGOVFUMFJUUFRFeE1BcGxZMmh2SUNKTlFWaGZVRTlFVXowa2UwMUJXRjlRVDBSVGZTSWdQajRnSkh0bGJuWmZabWxzWlgwSyIsCiAgICAgICAgICAidmVyaWZpY2F0aW9uIjoge30KICAgICAgICB9LAogICAgICAgICJmaWxlc3lzdGVtIjogInJvb3QiLAogICAgICAgICJtb2RlIjogMzU2LAogICAgICAgICJwYXRoIjogIi9vcHQvYmluL3NldHVwLWt1YmVsZXQtZW52aXJvbm1lbnQiCiAgICAgIH0sCiAgICAgIHsKICAgICAgICAiY29udGVudHMiOiB7CiAgICAgICAgICAic291cmNlIjogImRhdGE6dGV4dC9wbGFpbjtjaGFyc2V0PXV0Zi04O2Jhc2U2NCxabk11YVc1dmRHbG1lUzV0WVhoZmRYTmxjbDkzWVhSamFHVnpJRDBnTVRZek9EUUtJeUJFWldaaGRXeDBJR2x6SURFeU9Dd2daRzkxWW14cGJtY2dabTl5SUc1dlpHVnpJSGRwZEdnZ2JXRnVlU0J3YjJSekNpTWdVMlZsSUdoMGRIQnpPaTh2WjJsMGFIVmlMbU52YlM5bmFXRnVkSE4zWVhKdEwyZHBZVzUwYzNkaGNtMHZhWE56ZFdWekx6YzNNVEVLWm5NdWFXNXZkR2xtZVM1dFlYaGZkWE5sY2w5cGJuTjBZVzVqWlhNZ1BTQTRNVGt5Q210bGNtNWxiQzVyY0hSeVgzSmxjM1J5YVdOMElEMGdNZ3ByWlhKdVpXd3VjM2x6Y25FZ1BTQXdDbTVsZEM1cGNIWTBMbU52Ym1ZdVlXeHNMbXh2WjE5dFlYSjBhV0Z1Y3lBOUlERUtibVYwTG1sd2RqUXVZMjl1Wmk1aGJHd3VjMlZ1WkY5eVpXUnBjbVZqZEhNZ1BTQXdDbTVsZEM1cGNIWTBMbU52Ym1ZdVpHVm1ZWFZzZEM1aFkyTmxjSFJmY21Wa2FYSmxZM1J6SUQwZ01BcHVaWFF1YVhCMk5DNWpiMjVtTG1SbFptRjFiSFF1Ykc5blgyMWhjblJwWVc1eklEMGdNUXB1WlhRdWFYQjJOQzUwWTNCZmRHbHRaWE4wWVcxd2N5QTlJREFLYm1WMExtbHdkall1WTI5dVppNWhiR3d1WVdOalpYQjBYM0psWkdseVpXTjBjeUE5SURBS2JtVjBMbWx3ZGpZdVkyOXVaaTVrWldaaGRXeDBMbUZqWTJWd2RGOXlaV1JwY21WamRITWdQU0F3Q2lNZ1NXNWpjbVZoYzJWa0lHMXRZWEJtY3lCaVpXTmhkWE5sSUhOdmJXVWdZWEJ3YkdsallYUnBiMjV6TENCc2FXdGxJRVZUTENCdVpXVmtJR2hwWjJobGNpQnNhVzFwZENCMGJ5QnpkRzl5WlNCa1lYUmhJSEJ5YjNCbGNteDVDblp0TG0xaGVGOXRZWEJmWTI5MWJuUWdQU0F5TmpJeE5EUUtJeUJTWlhObGNuWmxaQ0IwYnlCaGRtOXBaQ0JqYjI1bWJHbGpkSE1nZDJsMGFDQnJkV0psTFdGd2FYTmxjblpsY2l3Z2QyaHBZMmdnWVd4c2IyTmhkR1Z6SUhkcGRHaHBiaUIwYUdseklISmhibWRsQ201bGRDNXBjSFkwTG1sd1gyeHZZMkZzWDNKbGMyVnlkbVZrWDNCdmNuUnpQVE13TURBd0xUTXlOelkzQ201bGRDNXBjSFkwTG1OdmJtWXVZV3hzTG5Kd1gyWnBiSFJsY2lBOUlERUtibVYwTG1sd2RqUXVZMjl1Wmk1aGJHd3VZWEp3WDJsbmJtOXlaU0E5SURFS2JtVjBMbWx3ZGpRdVkyOXVaaTVoYkd3dVlYSndYMkZ1Ym05MWJtTmxJRDBnTWdvPSIsCiAgICAgICAgICAidmVyaWZpY2F0aW9uIjoge30KICAgICAgICB9LAogICAgICAgICJmaWxlc3lzdGVtIjogInJvb3QiLAogICAgICAgICJtb2RlIjogMzg0LAogICAgICAgICJwYXRoIjogIi9ldGMvc3lzY3RsLmQvaGFyZGVuaW5nLmNvbmYiCiAgICAgIH0sCiAgICAgIHsKICAgICAgICAiY29udGVudHMiOiB7CiAgICAgICAgICAic291cmNlIjogImRhdGE6dGV4dC9wbGFpbjtjaGFyc2V0PXV0Zi04O2Jhc2U2NCxMWGNnTDNWemNpOWlhVzR2Wkc5amEyVnlJQzFySUdSdlkydGxjZ290ZHlBdmRtRnlMMnhwWWk5a2IyTnJaWElnTFdzZ1pHOWphMlZ5Q2kxM0lDOWxkR012Wkc5amEyVnlJQzFySUdSdlkydGxjZ290ZHlBdlpYUmpMM041YzNSbGJXUXZjM2x6ZEdWdEwyUnZZMnRsY2k1elpYSjJhV05sTG1Rdk1UQXRaMmxoYm5SemQyRnliUzFsZUhSeVlTMWhjbWR6TG1OdmJtWWdMV3NnWkc5amEyVnlDaTEzSUM5bGRHTXZjM2x6ZEdWdFpDOXplWE4wWlcwdlpHOWphMlZ5TG5ObGNuWnBZMlV1WkM4d01TMTNZV2wwTFdSdlkydGxjaTVqYjI1bUlDMXJJR1J2WTJ0bGNnb3RkeUF2ZFhOeUwyeHBZaTl6ZVhOMFpXMWtMM041YzNSbGJTOWtiMk5yWlhJdWMyVnlkbWxqWlNBdGF5QmtiMk5yWlhJS0xYY2dMM1Z6Y2k5c2FXSXZjM2x6ZEdWdFpDOXplWE4wWlcwdlpHOWphMlZ5TG5OdlkydGxkQ0F0YXlCa2IyTnJaWElLQ2c9PSIsCiAgICAgICAgICAidmVyaWZpY2F0aW9uIjoge30KICAgICAgICB9LAogICAgICAgICJmaWxlc3lzdGVtIjogInJvb3QiLAogICAgICAgICJtb2RlIjogMzg0LAogICAgICAgICJwYXRoIjogIi9ldGMvYXVkaXQvcnVsZXMuZC8xMC1kb2NrZXIucnVsZXMiCiAgICAgIH0sCiAgICAgIHsKICAgICAgICAiY29udGVudHMiOiB7CiAgICAgICAgICAic291cmNlIjogImRhdGE6dGV4dC9wbGFpbjtjaGFyc2V0PXV0Zi04O2Jhc2U2NCxld29nSUNBZ0luSmxaMmx6ZEhKNUxXMXBjbkp2Y25NaU9pQmJDaUFnSUNCZExBb2dJQ0FnSW0xbGRISnBZM010WVdSa2NpSWdPaUFpTUM0d0xqQXVNRG81TXpJeklpd0tJQ0FnSUNKbGVIQmxjbWx0Wlc1MFlXd2lJRG9nZEhKMVpTd0tJQ0FnSUNKMWMyVnliR0Z1WkMxd2NtOTRlU0k2SUdaaGJITmxMQW9nSUNBZ0lteHBkbVV0Y21WemRHOXlaU0k2SUhSeWRXVXNDaUFnSUNBaWFXTmpJam9nWm1Gc2MyVUtmUW89IiwKICAgICAgICAgICJ2ZXJpZmljYXRpb24iOiB7fQogICAgICAgIH0sCiAgICAgICAgImZpbGVzeXN0ZW0iOiAicm9vdCIsCiAgICAgICAgIm1vZGUiOiA0MjAsCiAgICAgICAgInBhdGgiOiAiL2V0Yy9kb2NrZXIvZGFlbW9uLmpzb24iCiAgICAgIH0sCiAgICAgIHsKICAgICAgICAiY29udGVudHMiOiB7CiAgICAgICAgICAic291cmNlIjogImRhdGE6dGV4dC9wbGFpbjtjaGFyc2V0PXV0Zi04O2Jhc2U2NCxhWEJmZG5NS2FYQmZkbk5mY25JS2FYQmZkbk5mZDNKeUNtbHdYM1p6WDNOb0NtNW1YMk52Ym01MGNtRmphMTlwY0hZMCIsCiAgICAgICAgICAidmVyaWZpY2F0aW9uIjoge30KICAgICAgICB9LAogICAgICAgICJmaWxlc3lzdGVtIjogInJvb3QiLAogICAgICAgICJtb2RlIjogMzg0LAogICAgICAgICJwYXRoIjogIi9ldGMvbW9kdWxlcy1sb2FkLmQvaXBfdnMuY29uZiIKICAgICAgfSwKICAgICAgewogICAgICAgICJjb250ZW50cyI6IHsKICAgICAgICAgICJzb3VyY2UiOiAiZGF0YTp0ZXh0L3BsYWluO2NoYXJzZXQ9dXRmLTg7YmFzZTY0LEl5RXZZbWx1TDJKaGMyZ0tjMlYwSUMxbGRXOGdjR2x3WldaaGFXd0tDbU52Ym5SaGFXNWxjajBrTVFvS1pHOWphMlZ5SUdOd0lDSWtZMjl1ZEdGcGJtVnlJam92ZFhOeUwyeHZZMkZzTDJKcGJpOXJkV0psYkdWMElDOXZjSFF2WW1sdUwydDFZbVZzWlhRS1pHOWphMlZ5SUdOd0lDSWtZMjl1ZEdGcGJtVnlJam92ZFhOeUwyeHZZMkZzTDJKcGJpOXJkV0psWTNSc0lDOXZjSFF2WW1sdUwydDFZbVZqZEd3SyIsCiAgICAgICAgICAidmVyaWZpY2F0aW9uIjoge30KICAgICAgICB9LAogICAgICAgICJmaWxlc3lzdGVtIjogInJvb3QiLAogICAgICAgICJtb2RlIjogMzU2LAogICAgICAgICJwYXRoIjogIi9vcHQvazhzLWV4dHJhY3QiCiAgICAgIH0sCiAgICAgIHsKICAgICAgICAiY29udGVudHMiOiB7CiAgICAgICAgICAic291cmNlIjogImRhdGE6dGV4dC9wbGFpbjtjaGFyc2V0PXV0Zi04O2Jhc2U2NCxZMnh2ZFdRNklFRmFWVkpGVUZWQ1RFbERRMHhQVlVRS2RHVnVZVzUwU1dRNklERXlNelF0WVdKalpBcHpkV0p6WTNKcGNIUnBiMjVKWkRvZ01USXpOQzAyTnpnNUxURXlNelF0TURrNE56WUtjbVZ6YjNWeVkyVkhjbTkxY0RvZ1l6Wm1iV1VLYkc5allYUnBiMjQ2SUhkbGMzUmxkWEp2Y0dVS1lXRmtRMnhwWlc1MFNXUTZJREV5TXpRS1lXRmtRMnhwWlc1MFUyVmpjbVYwT2lCaFltTmtDbU5zYjNWa1VISnZkbWxrWlhKQ1lXTnJiMlptT2lCMGNuVmxDbU5zYjNWa1VISnZkbWxrWlhKQ1lXTnJiMlptVW1WMGNtbGxjem9nTmdwamJHOTFaRkJ5YjNacFpHVnlRbUZqYTI5bVprcHBkSFJsY2pvZ01RcGpiRzkxWkZCeWIzWnBaR1Z5UW1GamEyOW1aa1IxY21GMGFXOXVPaUEyQ21Oc2IzVmtVSEp2ZG1sa1pYSkNZV05yYjJabVJYaHdiMjVsYm5RNklERXVOUXBqYkc5MVpGQnliM1pwWkdWeVVtRjBaVXhwYldsME9pQjBjblZsQ21Oc2IzVmtVSEp2ZG1sa1pYSlNZWFJsVEdsdGFYUlJVRk02SURNS1kyeHZkV1JRY205MmFXUmxjbEpoZEdWTWFXMXBkRUoxWTJ0bGREb2dNVEFLWTJ4dmRXUlFjbTkyYVdSbGNsSmhkR1ZNYVcxcGRGRlFVMWR5YVhSbE9pQXpDbU5zYjNWa1VISnZkbWxrWlhKU1lYUmxUR2x0YVhSQ2RXTnJaWFJYY21sMFpUb2dNVEFLY0hKcGJXRnllVk5qWVd4bFUyVjBUbUZ0WlRvZ1l6Wm1iV1V0ZDI5eWEyVnlMV00yWm0xbENuTjFZbTVsZEU1aGJXVTZJR00yWm0xbExWWnBjblIxWVd4T1pYUjNiM0pyTFZkdmNtdGxjbE4xWW01bGRBcHpaV04xY21sMGVVZHliM1Z3VG1GdFpUb2dZelptYldVdFYyOXlhMlZ5VTJWamRYSnBkSGxIY205MWNBcDJibVYwVG1GdFpUb2dZelptYldVdFZtbHlkSFZoYkU1bGRIZHZjbXNLZG0xVWVYQmxPaUIyYlhOekNuSnZkWFJsVkdGaWJHVk9ZVzFsT2lCak5tWnRaUzFTYjNWMFpWUmhZbXhsQ25WelpVMWhibUZuWldSSlpHVnVkR2wwZVVWNGRHVnVjMmx2YmpvZ1ptRnNjMlVLYkc5aFpFSmhiR0Z1WTJWeVUydDFPaUJ6ZEdGdVpHRnlaQW89IiwKICAgICAgICAgICJ2ZXJpZmljYXRpb24iOiB7fQogICAgICAgIH0sCiAgICAgICAgImZpbGVzeXN0ZW0iOiAicm9vdCIsCiAgICAgICAgIm1vZGUiOiA0MTYsCiAgICAgICAgImdyb3VwIjogewogICAgICAgICAgImlkIjogNjU1MzQKICAgICAgICB9LAogICAgICAgICJwYXRoIjogIi9ldGMva3ViZXJuZXRlcy9jb25maWcvYXp1cmUueWFtbCIsCiAgICAgICAgInVzZXIiOiB7CiAgICAgICAgICAibmFtZSI6ICJyb290IgogICAgICAgIH0KICAgICAgfSwKICAgICAgewogICAgICAgICJjb250ZW50cyI6IHsKICAgICAgICAgICJzb3VyY2UiOiAiZGF0YTp0ZXh0L3BsYWluO2NoYXJzZXQ9dXRmLTg7YmFzZTY0LCIsCiAgICAgICAgICAidmVyaWZpY2F0aW9uIjoge30KICAgICAgICB9LAogICAgICAgICJmaWxlc3lzdGVtIjogInJvb3QiLAogICAgICAgICJtb2RlIjogMjU2LAogICAgICAgICJncm91cCI6IHsKICAgICAgICAgICJuYW1lIjogInJvb3QiCiAgICAgICAgfSwKICAgICAgICAicGF0aCI6ICIvZXRjL2t1YmVybmV0ZXMvc3NsL3dvcmtlci1jYS5wZW0uZW5jIiwKICAgICAgICAidXNlciI6IHsKICAgICAgICAgICJuYW1lIjogInJvb3QiCiAgICAgICAgfQogICAgICB9LAogICAgICB7CiAgICAgICAgImNvbnRlbnRzIjogewogICAgICAgICAgInNvdXJjZSI6ICJkYXRhOnRleHQvcGxhaW47Y2hhcnNldD11dGYtODtiYXNlNjQsIiwKICAgICAgICAgICJ2ZXJpZmljYXRpb24iOiB7fQogICAgICAgIH0sCiAgICAgICAgImZpbGVzeXN0ZW0iOiAicm9vdCIsCiAgICAgICAgIm1vZGUiOiAyNTYsCiAgICAgICAgImdyb3VwIjogewogICAgICAgICAgIm5hbWUiOiAicm9vdCIKICAgICAgICB9LAogICAgICAgICJwYXRoIjogIi9ldGMva3ViZXJuZXRlcy9zc2wvd29ya2VyLWNydC5wZW0uZW5jIiwKICAgICAgICAidXNlciI6IHsKICAgICAgICAgICJuYW1lIjogInJvb3QiCiAgICAgICAgfQogICAgICB9LAogICAgICB7CiAgICAgICAgImNvbnRlbnRzIjogewogICAgICAgICAgInNvdXJjZSI6ICJkYXRhOnRleHQvcGxhaW47Y2hhcnNldD11dGYtODtiYXNlNjQsIiwKICAgICAgICAgICJ2ZXJpZmljYXRpb24iOiB7fQogICAgICAgIH0sCiAgICAgICAgImZpbGVzeXN0ZW0iOiAicm9vdCIsCiAgICAgICAgIm1vZGUiOiAyNTYsCiAgICAgICAgImdyb3VwIjogewogICAgICAgICAgIm5hbWUiOiAicm9vdCIKICAgICAgICB9LAogICAgICAgICJwYXRoIjogIi9ldGMva3ViZXJuZXRlcy9zc2wvd29ya2VyLWtleS5wZW0uZW5jIiwKICAgICAgICAidXNlciI6IHsKICAgICAgICAgICJuYW1lIjogInJvb3QiCiAgICAgICAgfQogICAgICB9LAogICAgICB7CiAgICAgICAgImNvbnRlbnRzIjogewogICAgICAgICAgInNvdXJjZSI6ICJkYXRhOnRleHQvcGxhaW47Y2hhcnNldD11dGYtODtiYXNlNjQsIiwKICAgICAgICAgICJ2ZXJpZmljYXRpb24iOiB7fQogICAgICAgIH0sCiAgICAgICAgImZpbGVzeXN0ZW0iOiAicm9vdCIsCiAgICAgICAgIm1vZGUiOiAyNTYsCiAgICAgICAgImdyb3VwIjogewogICAgICAgICAgIm5hbWUiOiAicm9vdCIKICAgICAgICB9LAogICAgICAgICJwYXRoIjogIi9ldGMva3ViZXJuZXRlcy9zc2wvY2FsaWNvL2V0Y2QtY2EuZW5jIiwKICAgICAgICAidXNlciI6IHsKICAgICAgICAgICJuYW1lIjogInJvb3QiCiAgICAgICAgfQogICAgICB9LAogICAgICB7CiAgICAgICAgImNvbnRlbnRzIjogewogICAgICAgICAgInNvdXJjZSI6ICJkYXRhOnRleHQvcGxhaW47Y2hhcnNldD11dGYtODtiYXNlNjQsIiwKICAgICAgICAgICJ2ZXJpZmljYXRpb24iOiB7fQogICAgICAgIH0sCiAgICAgICAgImZpbGVzeXN0ZW0iOiAicm9vdCIsCiAgICAgICAgIm1vZGUiOiAyNTYsCiAgICAgICAgImdyb3VwIjogewogICAgICAgICAgIm5hbWUiOiAicm9vdCIKICAgICAgICB9LAogICAgICAgICJwYXRoIjogIi9ldGMva3ViZXJuZXRlcy9zc2wvY2FsaWNvL2V0Y2QtY2VydC5lbmMiLAogICAgICAgICJ1c2VyIjogewogICAgICAgICAgIm5hbWUiOiAicm9vdCIKICAgICAgICB9CiAgICAgIH0sCiAgICAgIHsKICAgICAgICAiY29udGVudHMiOiB7CiAgICAgICAgICAic291cmNlIjogImRhdGE6dGV4dC9wbGFpbjtjaGFyc2V0PXV0Zi04O2Jhc2U2NCwiLAogICAgICAgICAgInZlcmlmaWNhdGlvbiI6IHt9CiAgICAgICAgfSwKICAgICAgICAiZmlsZXN5c3RlbSI6ICJyb290IiwKICAgICAgICAibW9kZSI6IDI1NiwKICAgICAgICAiZ3JvdXAiOiB7CiAgICAgICAgICAibmFtZSI6ICJyb290IgogICAgICAgIH0sCiAgICAgICAgInBhdGgiOiAiL2V0Yy9rdWJlcm5ldGVzL3NzbC9jYWxpY28vZXRjZC1rZXkuZW5jIiwKICAgICAgICAidXNlciI6IHsKICAgICAgICAgICJuYW1lIjogInJvb3QiCiAgICAgICAgfQogICAgICB9CiAgICBdCiAgfSwKICAic3lzdGVtZCI6IHsKICAgICJ1bml0cyI6IFsKICAgICAgewogICAgICAgICJuYW1lIjogImt1YmVyZXNlcnZlZC5zbGljZSIKICAgICAgfSwKICAgICAgewogICAgICAgICJjb250ZW50cyI6ICJbVW5pdF1cbkRlc2NyaXB0aW9uPVNldHVwIGlwdGFibGVzIE5hdCBydWxlcyBmb3IgQXp1cmUgQ05JXG5XYW50cz1zeXN0ZW1kLW5ldHdvcmtkLnNlcnZpY2VcbkFmdGVyPXN5c3RlbWQtbmV0d29ya2Quc2VydmljZVxuQmVmb3JlPWRvY2tlci5zZXJ2aWNlXG5bU2VydmljZV1cblR5cGU9b25lc2hvdFxuRXhlY1N0YXJ0UHJlPS9iaW4vc2ggLWMgXCJpcHRhYmxlcyAtSSBJTlBVVCAxIC1tIHVkcCAtcCB1ZHAgLS1zb3VyY2UtcG9ydCA4MCAtaiBEUk9QXCJcbkV4ZWNTdGFydFByZT0vYmluL3NoIC1jIFwiaXB0YWJsZXMgLUkgSU5QVVQgMSAtbSB1ZHAgLXAgdWRwIC0tc291cmNlLXBvcnQgNDQzIC1qIERST1BcIlxuRXhlY1N0YXJ0PS9iaW4vc2ggLWMgXCJpcHRhYmxlcyAtdCBuYXQgLUEgUE9TVFJPVVRJTkcgLW0gYWRkcnR5cGUgISAtLWRzdC10eXBlIGxvY2FsICEgLWQgIC1qIE1BU1FVRVJBREVcIlxuW0luc3RhbGxdXG5XYW50ZWRCeT1tdWx0aS11c2VyLnRhcmdldFxuIiwKICAgICAgICAiZW5hYmxlZCI6IHRydWUsCiAgICAgICAgIm5hbWUiOiAiYXp1cmUtY25pLW5hdC1ydWxlcy5zZXJ2aWNlIgogICAgICB9LAogICAgICB7CiAgICAgICAgImNvbnRlbnRzIjogIltVbml0XVxuRGVzY3JpcHRpb249Q2VydGlmaWNhdGUgRGVjcnlwdGVyXG5XYW50cz1rOHMtc2V0dXAtbmV0d29yay1lbnYuc2VydmljZVxuQWZ0ZXI9azhzLXNldHVwLW5ldHdvcmstZW52LnNlcnZpY2VcbkJlZm9yZT1rOHMta3ViZWxldC5zZXJ2aWNlIGV0Y2QzLnNlcnZpY2VcbltTZXJ2aWNlXVxuVHlwZT1vbmVzaG90XG5FbnZpcm9ubWVudEZpbGU9L2V0Yy8uZW5jL2tleVxuRW52aXJvbm1lbnRGaWxlPS9ldGMvLmVuYy9pdlxuRXhlY1N0YXJ0PS9iaW4vc2ggLWMgXCJcXFxub3BlbnNzbCBlbmMgLWFlcy0yNTYtY2ZiIC1kIC1LICR7RU5DUllQVElPTl9LRVl9IC1pdiAke0lOSVRJQUxfVkVDVE9SfSAtaW4gL2V0Yy9rdWJlcm5ldGVzL3NzbC93b3JrZXItY2EucGVtLmVuYyAtb3V0IC9ldGMva3ViZXJuZXRlcy9zc2wvd29ya2VyLWNhLnBlbSA7IFxcXG5vcGVuc3NsIGVuYyAtYWVzLTI1Ni1jZmIgLWQgLUsgJHtFTkNSWVBUSU9OX0tFWX0gLWl2ICR7SU5JVElBTF9WRUNUT1J9IC1pbiAvZXRjL2t1YmVybmV0ZXMvc3NsL3dvcmtlci1jcnQucGVtLmVuYyAtb3V0IC9ldGMva3ViZXJuZXRlcy9zc2wvd29ya2VyLWNydC5wZW0gOyBcXFxub3BlbnNzbCBlbmMgLWFlcy0yNTYtY2ZiIC1kIC1LICR7RU5DUllQVElPTl9LRVl9IC1pdiAke0lOSVRJQUxfVkVDVE9SfSAtaW4gL2V0Yy9rdWJlcm5ldGVzL3NzbC93b3JrZXIta2V5LnBlbS5lbmMgLW91dCAvZXRjL2t1YmVybmV0ZXMvc3NsL3dvcmtlci1rZXkucGVtIDsgXFxcbm9wZW5zc2wgZW5jIC1hZXMtMjU2LWNmYiAtZCAtSyAke0VOQ1JZUFRJT05fS0VZfSAtaXYgJHtJTklUSUFMX1ZFQ1RPUn0gLWluIC9ldGMva3ViZXJuZXRlcy9zc2wvY2FsaWNvL2V0Y2QtY2EuZW5jIC1vdXQgL2V0Yy9rdWJlcm5ldGVzL3NzbC9jYWxpY28vZXRjZC1jYSA7IFxcXG5vcGVuc3NsIGVuYyAtYWVzLTI1Ni1jZmIgLWQgLUsgJHtFTkNSWVBUSU9OX0tFWX0gLWl2ICR7SU5JVElBTF9WRUNUT1J9IC1pbiAvZXRjL2t1YmVybmV0ZXMvc3NsL2NhbGljby9ldGNkLWNlcnQuZW5jIC1vdXQgL2V0Yy9rdWJlcm5ldGVzL3NzbC9jYWxpY28vZXRjZC1jZXJ0IDsgXFxcbm9wZW5zc2wgZW5jIC1hZXMtMjU2LWNmYiAtZCAtSyAke0VOQ1JZUFRJT05fS0VZfSAtaXYgJHtJTklUSUFMX1ZFQ1RPUn0gLWluIC9ldGMva3ViZXJuZXRlcy9zc2wvY2FsaWNvL2V0Y2Qta2V5LmVuYyAtb3V0IC9ldGMva3ViZXJuZXRlcy9zc2wvY2FsaWNvL2V0Y2Qta2V5IDsgXFxcblwiXG4gW0luc3RhbGxdXG5XYW50ZWRCeT1tdWx0aS11c2VyLnRhcmdldFxuIiwKICAgICAgICAiZW5hYmxlZCI6IHRydWUsCiAgICAgICAgIm5hbWUiOiAiY2VydGlmaWNhdGUtZGVjcnlwdGVyLnNlcnZpY2UiCiAgICAgIH0sCiAgICAgIHsKICAgICAgICAiY29udGVudHMiOiAiW1VuaXRdXG5EZXNjcmlwdGlvbj1Nb3VudHMgZGlzayB0byAvdmFyL2xpYi9kb2NrZXJcbkJlZm9yZT1kb2NrZXIuc2VydmljZVxuXG5bTW91bnRdXG5XaGF0PS9kZXYvZGlzay9ieS1sYWJlbC9kb2NrZXJcbldoZXJlPS92YXIvbGliL2RvY2tlclxuVHlwZT14ZnNcblxuW0luc3RhbGxdXG5XYW50ZWRCeT1tdWx0aS11c2VyLnRhcmdldFxuIiwKICAgICAgICAiZW5hYmxlZCI6IHRydWUsCiAgICAgICAgIm5hbWUiOiAidmFyLWxpYi1kb2NrZXIubW91bnQiCiAgICAgIH0sCiAgICAgIHsKICAgICAgICAiY29udGVudHMiOiAiW1VuaXRdXG5EZXNjcmlwdGlvbj1Nb3VudHMgZGlzayB0byAvdmFyL2xpYi9rdWJlbGV0XG5CZWZvcmU9azhzLWt1YmVsZXQuc2VydmljZVxuXG5bTW91bnRdXG5XaGF0PS9kZXYvZGlzay9ieS1sYWJlbC9rdWJlbGV0XG5XaGVyZT0vdmFyL2xpYi9rdWJlbGV0XG5UeXBlPXhmc1xuXG5bSW5zdGFsbF1cbldhbnRlZEJ5PW11bHRpLXVzZXIudGFyZ2V0XG4iLAogICAgICAgICJlbmFibGVkIjogdHJ1ZSwKICAgICAgICAibmFtZSI6ICJ2YXItbGliLWt1YmVsZXQubW91bnQiCiAgICAgIH0sCiAgICAgIHsKICAgICAgICAiY29udGVudHMiOiAiW1VuaXRdXG5EZXNjcmlwdGlvbj1WTklDIGNvbmZpZ3VyYXRpb25cbldhbnRzPXN5c3RlbWQtbmV0d29ya2Quc2VydmljZVxuQWZ0ZXI9c3lzdGVtZC1uZXR3b3JrZC5zZXJ2aWNlXG5CZWZvcmU9ZG9ja2VyLnNlcnZpY2VcbltTZXJ2aWNlXVxuVHlwZT1vbmVzaG90XG5FeGVjU3RhcnQ9L2Jpbi9zaCAtYyBcImV0aHRvb2wgLUcgZXRoMCB0eCAxMDI0XCJcbiBbSW5zdGFsbF1cbldhbnRlZEJ5PW11bHRpLXVzZXIudGFyZ2V0XG4iLAogICAgICAgICJlbmFibGVkIjogdHJ1ZSwKICAgICAgICAibmFtZSI6ICJ2bmljLWNvbmZpZ3VyYXRpb24uc2VydmljZSIKICAgICAgfSwKICAgICAgewogICAgICAgICJjb250ZW50cyI6ICJbVW5pdF1cbkRlc2NyaXB0aW9uPUNoYW5nZSBncm91cCBvd25lciBmb3IgY2VydGlmaWNhdGVzIHRvIGdpYW50c3dhcm1cbldhbnRzPWs4cy1rdWJlbGV0LnNlcnZpY2UgazhzLXNldHVwLW5ldHdvcmstZW52LnNlcnZpY2VcbkFmdGVyPWs4cy1rdWJlbGV0LnNlcnZpY2UgazhzLXNldHVwLW5ldHdvcmstZW52LnNlcnZpY2VcbltTZXJ2aWNlXVxuVHlwZT1vbmVzaG90XG5FeGVjU3RhcnQ9L2Jpbi9zaCAtYyBcImZpbmQgL2V0Yy9rdWJlcm5ldGVzL3NzbCAtbmFtZSAnKi5wZW0nIC1wcmludCB8IHhhcmdzIC1pICBzaCAtYyAnY2hvd24gcm9vdDpnaWFudHN3YXJtIHt9IFx1MDAyNlx1MDAyNiBjaG1vZCA2NDAge30nXCJcbltJbnN0YWxsXVxuV2FudGVkQnk9bXVsdGktdXNlci50YXJnZXRcbiIsCiAgICAgICAgImVuYWJsZWQiOiB0cnVlLAogICAgICAgICJuYW1lIjogInNldC1jZXJ0cy1ncm91cC1vd25lci1wZXJtaXNzaW9uLWdpYW50c3dhcm0uc2VydmljZSIKICAgICAgfSwKICAgICAgewogICAgICAgICJjb250ZW50cyI6ICJbVW5pdF1cbkRlc2NyaXB0aW9uPVdhaXQgZm9yIGV0Y2QgYW5kIGs4cyBBUEkgZG9tYWlucyB0byBiZSBhdmFpbGFibGVcbltTZXJ2aWNlXVxuVHlwZT1vbmVzaG90XG5FeGVjU3RhcnQ9L29wdC93YWl0LWZvci1kb21haW5zXG5bSW5zdGFsbF1cbldhbnRlZEJ5PW11bHRpLXVzZXIudGFyZ2V0XG4iLAogICAgICAgICJlbmFibGVkIjogdHJ1ZSwKICAgICAgICAibmFtZSI6ICJ3YWl0LWZvci1kb21haW5zLnNlcnZpY2UiCiAgICAgIH0sCiAgICAgIHsKICAgICAgICAiY29udGVudHMiOiAiW1VuaXRdXG5EZXNjcmlwdGlvbj1BcHBseSBvcyBoYXJkZW5pbmdcbltTZXJ2aWNlXVxuVHlwZT1vbmVzaG90XG5FeGVjU3RhcnRQcmU9LS9iaW4vYmFzaCAtYyBcImdwYXNzd2QgLWQgY29yZSBya3Q7IGdwYXNzd2QgLWQgY29yZSBkb2NrZXI7IGdwYXNzd2QgLWQgY29yZSB3aGVlbFwiXG5FeGVjU3RhcnRQcmU9L2Jpbi9iYXNoIC1jIFwidW50aWwgWyAtZiAnL2V0Yy9zeXNjdGwuZC9oYXJkZW5pbmcuY29uZicgXTsgZG8gZWNobyBXYWl0aW5nIGZvciBzeXNjdGwgZmlsZTsgc2xlZXAgMXM7ZG9uZTtcIlxuRXhlY1N0YXJ0PS91c3Ivc2Jpbi9zeXNjdGwgLXAgL2V0Yy9zeXNjdGwuZC9oYXJkZW5pbmcuY29uZlxuW0luc3RhbGxdXG5XYW50ZWRCeT1tdWx0aS11c2VyLnRhcmdldFxuIiwKICAgICAgICAiZW5hYmxlZCI6IHRydWUsCiAgICAgICAgIm5hbWUiOiAib3MtaGFyZGVuaW5nLnNlcnZpY2UiCiAgICAgIH0sCiAgICAgIHsKICAgICAgICAiY29udGVudHMiOiAiW1VuaXRdXG5EZXNjcmlwdGlvbj1rOHMtc2V0dXAta3ViZWxldC1lbnZpcm9ubWVudCBTZXJ2aWNlXG5BZnRlcj1rOHMtc2V0dXAtbmV0d29yay1lbnYuc2VydmljZSBkb2NrZXIuc2VydmljZVxuUmVxdWlyZXM9azhzLXNldHVwLW5ldHdvcmstZW52LnNlcnZpY2UgZG9ja2VyLnNlcnZpY2VcbltTZXJ2aWNlXVxuVHlwZT1vbmVzaG90XG5SZW1haW5BZnRlckV4aXQ9eWVzXG5UaW1lb3V0U3RhcnRTZWM9MFxuRXhlY1N0YXJ0PS9vcHQvYmluL3NldHVwLWt1YmVsZXQtZW52aXJvbm1lbnQgd29ya2VyXG5bSW5zdGFsbF1cbldhbnRlZEJ5PW11bHRpLXVzZXIudGFyZ2V0XG4iLAogICAgICAgICJlbmFibGVkIjogdHJ1ZSwKICAgICAgICAibmFtZSI6ICJrOHMtc2V0dXAta3ViZWxldC1lbnZpcm9ubWVudC5zZXJ2aWNlIgogICAgICB9LAogICAgICB7CiAgICAgICAgImNvbnRlbnRzIjogIltVbml0XVxuRGVzY3JpcHRpb249azhzLXNldHVwLWt1YmVsZXQtY29uZmlnIFNlcnZpY2VcbkFmdGVyPWs4cy1zZXR1cC1uZXR3b3JrLWVudi5zZXJ2aWNlIGRvY2tlci5zZXJ2aWNlIGs4cy1zZXR1cC1rdWJlbGV0LWVudmlyb25tZW50LnNlcnZpY2VcblJlcXVpcmVzPWs4cy1zZXR1cC1uZXR3b3JrLWVudi5zZXJ2aWNlIGRvY2tlci5zZXJ2aWNlIGs4cy1zZXR1cC1rdWJlbGV0LWVudmlyb25tZW50LnNlcnZpY2VcbltTZXJ2aWNlXVxuVHlwZT1vbmVzaG90XG5SZW1haW5BZnRlckV4aXQ9eWVzXG5UaW1lb3V0U3RhcnRTZWM9MFxuRW52aXJvbm1lbnRGaWxlPS9ldGMvbmV0d29yay1lbnZpcm9ubWVudFxuRW52aXJvbm1lbnRGaWxlPS9ldGMva3ViZWxldC1lbnZpcm9ubWVudFxuRXhlY1N0YXJ0PS9iaW4vYmFzaCAtYyAnL3Vzci9iaW4vZW52c3Vic3QgXHUwMDNjL2V0Yy9rdWJlcm5ldGVzL2NvbmZpZy9rdWJlbGV0LnlhbWwudG1wbCBcdTAwM2UvZXRjL2t1YmVybmV0ZXMvY29uZmlnL2t1YmVsZXQueWFtbCdcbltJbnN0YWxsXVxuV2FudGVkQnk9bXVsdGktdXNlci50YXJnZXRcbiIsCiAgICAgICAgImVuYWJsZWQiOiB0cnVlLAogICAgICAgICJuYW1lIjogIms4cy1zZXR1cC1rdWJlbGV0LWNvbmZpZy5zZXJ2aWNlIgogICAgICB9LAogICAgICB7CiAgICAgICAgImRyb3BpbnMiOiBbCiAgICAgICAgICB7CiAgICAgICAgICAgICJjb250ZW50cyI6ICJbU2VydmljZV1cbkNQVUFjY291bnRpbmc9dHJ1ZVxuTWVtb3J5QWNjb3VudGluZz10cnVlXG5TbGljZT1rdWJlcmVzZXJ2ZWQuc2xpY2VcbiIsCiAgICAgICAgICAgICJuYW1lIjogIjEwLWNoYW5nZS1jZ3JvdXAuY29uZiIKICAgICAgICAgIH0KICAgICAgICBdLAogICAgICAgICJlbmFibGVkIjogdHJ1ZSwKICAgICAgICAibmFtZSI6ICJjb250YWluZXJkLnNlcnZpY2UiCiAgICAgIH0sCiAgICAgIHsKICAgICAgICAiZHJvcGlucyI6IFsKICAgICAgICAgIHsKICAgICAgICAgICAgImNvbnRlbnRzIjogIltTZXJ2aWNlXVxuQ1BVQWNjb3VudGluZz10cnVlXG5NZW1vcnlBY2NvdW50aW5nPXRydWVcblNsaWNlPWt1YmVyZXNlcnZlZC5zbGljZVxuRW52aXJvbm1lbnQ9XCJET0NLRVJfQ0dST1VQUz0tLWV4ZWMtb3B0IG5hdGl2ZS5jZ3JvdXBkcml2ZXI9Y2dyb3VwZnMgLS1jZ3JvdXAtcGFyZW50PS9rdWJlcmVzZXJ2ZWQuc2xpY2UgLS1sb2ctb3B0IG1heC1zaXplPTI1bSAtLWxvZy1vcHQgbWF4LWZpbGU9MiAtLWxvZy1vcHQgbGFiZWxzPWlvLmt1YmVybmV0ZXMuY29udGFpbmVyLmhhc2gsaW8ua3ViZXJuZXRlcy5jb250YWluZXIubmFtZSxpby5rdWJlcm5ldGVzLnBvZC5uYW1lLGlvLmt1YmVybmV0ZXMucG9kLm5hbWVzcGFjZSxpby5rdWJlcm5ldGVzLnBvZC51aWRcIlxuRW52aXJvbm1lbnQ9XCJET0NLRVJfT1BUX0JJUD0tLWJpcD1cIlxuIiwKICAgICAgICAgICAgIm5hbWUiOiAiMTAtZ2lhbnRzd2FybS1leHRyYS1hcmdzLmNvbmYiCiAgICAgICAgICB9CiAgICAgICAgXSwKICAgICAgICAiZW5hYmxlZCI6IHRydWUsCiAgICAgICAgIm5hbWUiOiAiZG9ja2VyLnNlcnZpY2UiCiAgICAgIH0sCiAgICAgIHsKICAgICAgICAiY29udGVudHMiOiAiW1VuaXRdXG5EZXNjcmlwdGlvbj1rOHMtc2V0dXAtbmV0d29yay1lbnYgU2VydmljZVxuV2FudHM9bmV0d29yay50YXJnZXQgZG9ja2VyLnNlcnZpY2Ugd2FpdC1mb3ItZG9tYWlucy5zZXJ2aWNlXG5BZnRlcj1uZXR3b3JrLnRhcmdldCBkb2NrZXIuc2VydmljZSB3YWl0LWZvci1kb21haW5zLnNlcnZpY2VcbltTZXJ2aWNlXVxuVHlwZT1vbmVzaG90XG5UaW1lb3V0U3RhcnRTZWM9MFxuRW52aXJvbm1lbnQ9XCJJTUFHRT1xdWF5LmlvL2dpYW50c3dhcm0vazhzLXNldHVwLW5ldHdvcmstZW52aXJvbm1lbnQ6MC4yLjBcIlxuRW52aXJvbm1lbnQ9XCJOQU1FPSVwLnNlcnZpY2VcIlxuRXhlY1N0YXJ0UHJlPS91c3IvYmluL21rZGlyIC1wIC9vcHQvYmluL1xuRXhlY1N0YXJ0UHJlPS91c3IvYmluL2RvY2tlciBwdWxsICRJTUFHRVxuRXhlY1N0YXJ0UHJlPS0vdXNyL2Jpbi9kb2NrZXIgc3RvcCAtdCAxMCAkTkFNRVxuRXhlY1N0YXJ0UHJlPS0vdXNyL2Jpbi9kb2NrZXIgcm0gLWYgJE5BTUVcbkV4ZWNTdGFydD0vdXNyL2Jpbi9kb2NrZXIgcnVuIC0tcm0gLS1uZXQ9aG9zdCAtdiAvZXRjOi9ldGMgLS1uYW1lICROQU1FICRJTUFHRVxuRXhlY1N0b3A9LS91c3IvYmluL2RvY2tlciBzdG9wIC10IDEwICROQU1FXG5FeGVjU3RvcFBvc3Q9LS91c3IvYmluL2RvY2tlciBybSAtZiAkTkFNRVxuW0luc3RhbGxdXG5XYW50ZWRCeT1tdWx0aS11c2VyLnRhcmdldFxuIiwKICAgICAgICAiZW5hYmxlZCI6IHRydWUsCiAgICAgICAgIm5hbWUiOiAiazhzLXNldHVwLW5ldHdvcmstZW52LnNlcnZpY2UiCiAgICAgIH0sCiAgICAgIHsKICAgICAgICAiY29udGVudHMiOiAiW1VuaXRdXG5EZXNjcmlwdGlvbj1rOHMtZXh0cmFjdCBTZXJ2aWNlXG5BZnRlcj1kb2NrZXIuc2VydmljZVxuUmVxdWlyZXM9ZG9ja2VyLnNlcnZpY2VcbltTZXJ2aWNlXVxuVHlwZT1vbmVzaG90XG5SZW1haW5BZnRlckV4aXQ9eWVzXG5UaW1lb3V0U3RhcnRTZWM9MFxuRW52aXJvbm1lbnQ9SU1BR0U9cXVheS5pby9naWFudHN3YXJtL2h5cGVya3ViZTp2MS4xNy45XG5FbnZpcm9ubWVudD1DT05UQUlORVJfTkFNRT0lcC5zZXJ2aWNlXG5FeGVjU3RhcnRQcmU9L3Vzci9iaW4vbWtkaXIgLXAgL29wdC9iaW4vXG5FeGVjU3RhcnRQcmU9L3Vzci9iaW4vZG9ja2VyIHB1bGwgJElNQUdFXG5FeGVjU3RhcnRQcmU9LS91c3IvYmluL2RvY2tlciBybSAkQ09OVEFJTkVSX05BTUVcbkV4ZWNTdGFydFByZT0tL3Vzci9iaW4vZG9ja2VyIGNyZWF0ZSAtLW5hbWUgJENPTlRBSU5FUl9OQU1FICRJTUFHRVxuRXhlY1N0YXJ0PS9vcHQvazhzLWV4dHJhY3QgJENPTlRBSU5FUl9OQU1FXG5FeGVjU3RvcFBvc3Q9LS91c3IvYmluL2RvY2tlciBybSAkQ09OVEFJTkVSX05BTUVcbltJbnN0YWxsXVxuV2FudGVkQnk9bXVsdGktdXNlci50YXJnZXRcbiIsCiAgICAgICAgImVuYWJsZWQiOiB0cnVlLAogICAgICAgICJuYW1lIjogIms4cy1leHRyYWN0LnNlcnZpY2UiCiAgICAgIH0sCiAgICAgIHsKICAgICAgICAiY29udGVudHMiOiAiW1VuaXRdXG5XYW50cz1rOHMtc2V0dXAtbmV0d29yay1lbnYuc2VydmljZSBrOHMtc2V0dXAta3ViZWxldC1jb25maWcuc2VydmljZSBrOHMtZXh0cmFjdC5zZXJ2aWNlIHJwYy1zdGF0ZC5zZXJ2aWNlXG5BZnRlcj1rOHMtc2V0dXAtbmV0d29yay1lbnYuc2VydmljZSBrOHMtc2V0dXAta3ViZWxldC1jb25maWcuc2VydmljZSBrOHMtZXh0cmFjdC5zZXJ2aWNlIHJwYy1zdGF0ZC5zZXJ2aWNlXG5EZXNjcmlwdGlvbj1rOHMta3ViZWxldFxuU3RhcnRMaW1pdEludGVydmFsU2VjPTBcbltTZXJ2aWNlXVxuVGltZW91dFN0YXJ0U2VjPTMwMFxuUmVzdGFydD1hbHdheXNcblJlc3RhcnRTZWM9MFxuVGltZW91dFN0b3BTZWM9MTBcblNsaWNlPWt1YmVyZXNlcnZlZC5zbGljZVxuQ1BVQWNjb3VudGluZz10cnVlXG5NZW1vcnlBY2NvdW50aW5nPXRydWVcbkVudmlyb25tZW50PVwiRVRDRF9DQV9DRVJUX0ZJTEU9L2V0Yy9rdWJlcm5ldGVzL3NzbC9ldGNkL2NsaWVudC1jYS5wZW1cIlxuRW52aXJvbm1lbnQ9XCJFVENEX0NFUlRfRklMRT0vZXRjL2t1YmVybmV0ZXMvc3NsL2V0Y2QvY2xpZW50LWNydC5wZW1cIlxuRW52aXJvbm1lbnQ9XCJFVENEX0tFWV9GSUxFPS9ldGMva3ViZXJuZXRlcy9zc2wvZXRjZC9jbGllbnQta2V5LnBlbVwiXG5FbnZpcm9ubWVudEZpbGU9L2V0Yy9uZXR3b3JrLWVudmlyb25tZW50XG5FeGVjU3RhcnQ9L29wdC9iaW4va3ViZWxldCBcXFxuICAtLWNsb3VkLWNvbmZpZz0vZXRjL2t1YmVybmV0ZXMvY29uZmlnL2F6dXJlLnlhbWwgXFxcbiAgLS1ub2RlLWlwPSR7REVGQVVMVF9JUFY0fSBcXFxuICAtLWNvbmZpZz0vZXRjL2t1YmVybmV0ZXMvY29uZmlnL2t1YmVsZXQueWFtbCBcXFxuICAtLWVuYWJsZS1zZXJ2ZXIgXFxcbiAgLS1sb2d0b3N0ZGVycj10cnVlIFxcXG4gIC0tY2xvdWQtcHJvdmlkZXI9YXp1cmUgXFxcbiAgLS1wb2QtaW5mcmEtY29udGFpbmVyLWltYWdlPXF1YXkuaW8vZ2lhbnRzd2FybS9wYXVzZTozLjIgXFxcbiAgLS1pbWFnZS1wdWxsLXByb2dyZXNzLWRlYWRsaW5lPTFtIFxcXG4gIC0tbmV0d29yay1wbHVnaW49Y25pIFxcXG4gIC0tcmVnaXN0ZXItbm9kZT10cnVlIFxcXG4gIC0ta3ViZWNvbmZpZz0vZXRjL2t1YmVybmV0ZXMva3ViZWNvbmZpZy9rdWJlbGV0LnlhbWwgXFxcbiAgLS1ub2RlLWxhYmVscz1cIm5vZGUua3ViZXJuZXRlcy5pby93b3JrZXIscm9sZT13b3JrZXIsaXA9JHtERUZBVUxUX0lQVjR9LGdpYW50c3dhcm0uaW8vcHJvdmlkZXI9YXp1cmUsYXp1cmUtb3BlcmF0b3IuZ2lhbnRzd2FybS5pby92ZXJzaW9uPTQuMi4wXCIgXFxcbiAgLS12PTIgXFxcbiAgLS1ydW50aW1lLWNncm91cHM9L2t1YmVyZXNlcnZlZC5zbGljZVxuW0luc3RhbGxdXG5XYW50ZWRCeT1tdWx0aS11c2VyLnRhcmdldFxuIiwKICAgICAgICAiZW5hYmxlZCI6IHRydWUsCiAgICAgICAgIm5hbWUiOiAiazhzLWt1YmVsZXQuc2VydmljZSIKICAgICAgfSwKICAgICAgewogICAgICAgICJjb250ZW50cyI6ICJbVW5pdF1cbkRlc2NyaXB0aW9uPUFkZHMgbGFiZWxzIHRvIHRoZSBub2RlIGFmdGVyIGt1YmVsZXQgc3RhcnR1cFxuQWZ0ZXI9azhzLWt1YmVsZXQuc2VydmljZVxuV2FudHM9azhzLWt1YmVsZXQuc2VydmljZVxuW1NlcnZpY2VdXG5UeXBlPW9uZXNob3RcblJlbWFpbkFmdGVyRXhpdD15ZXNcbkVudmlyb25tZW50PVwiUEFUSD0vdXNyL2xvY2FsL3NiaW46L3Vzci9sb2NhbC9iaW46L3Vzci9zYmluOi91c3IvYmluOi9vcHQvYmluXCJcbkVudmlyb25tZW50PVwiS1VCRUNPTkZJRz0vZXRjL2t1YmVybmV0ZXMva3ViZWNvbmZpZy9rdWJlbGV0LnlhbWxcIlxuRXhlY1N0YXJ0PS9iaW4vc2ggLWMgJ1xcXG4gIHdoaWxlIFsgXCIkKGt1YmVjdGwgZ2V0IG5vZGVzICQoaG9zdG5hbWUgfCB0ciAnWzp1cHBlcjpdJyAnWzpsb3dlcjpdJyl8IHdjIC1sKVwiIC1sdCBcIjFcIiBdOyBkbyBlY2hvIFwiV2FpdGluZyBmb3IgaGVhbHRoeSBrOHNcIiBcdTAwMjZcdTAwMjYgc2xlZXAgMjBzO2RvbmU7IFxcXG4gIGt1YmVjdGwgbGFiZWwgbm9kZXMgLS1vdmVyd3JpdGUgJChob3N0bmFtZSB8IHRyICdbOnVwcGVyOl0nICdbOmxvd2VyOl0nKSBub2RlLXJvbGUua3ViZXJuZXRlcy5pby93b3JrZXI9XCJcIjsgXFxcbiAga3ViZWN0bCBsYWJlbCBub2RlcyAtLW92ZXJ3cml0ZSAkKGhvc3RuYW1lIHwgdHIgJ1s6dXBwZXI6XScgJ1s6bG93ZXI6XScpIGt1YmVybmV0ZXMuaW8vcm9sZT13b3JrZXInXG5bSW5zdGFsbF1cbldhbnRlZEJ5PW11bHRpLXVzZXIudGFyZ2V0XG4iLAogICAgICAgICJlbmFibGVkIjogdHJ1ZSwKICAgICAgICAibmFtZSI6ICJrOHMtbGFiZWwtbm9kZS5zZXJ2aWNlIgogICAgICB9LAogICAgICB7CiAgICAgICAgImVuYWJsZWQiOiBmYWxzZSwKICAgICAgICAibWFzayI6IHRydWUsCiAgICAgICAgIm5hbWUiOiAiZXRjZDIuc2VydmljZSIKICAgICAgfSwKICAgICAgewogICAgICAgICJlbmFibGVkIjogZmFsc2UsCiAgICAgICAgIm1hc2siOiB0cnVlLAogICAgICAgICJuYW1lIjogInVwZGF0ZS1lbmdpbmUuc2VydmljZSIKICAgICAgfSwKICAgICAgewogICAgICAgICJlbmFibGVkIjogZmFsc2UsCiAgICAgICAgIm1hc2siOiB0cnVlLAogICAgICAgICJuYW1lIjogImxvY2tzbWl0aGQuc2VydmljZSIKICAgICAgfSwKICAgICAgewogICAgICAgICJlbmFibGVkIjogZmFsc2UsCiAgICAgICAgIm1hc2siOiB0cnVlLAogICAgICAgICJuYW1lIjogImZsZWV0LnNlcnZpY2UiCiAgICAgIH0sCiAgICAgIHsKICAgICAgICAiZW5hYmxlZCI6IGZhbHNlLAogICAgICAgICJtYXNrIjogdHJ1ZSwKICAgICAgICAibmFtZSI6ICJmbGVldC5zb2NrZXQiCiAgICAgIH0sCiAgICAgIHsKICAgICAgICAiZW5hYmxlZCI6IGZhbHNlLAogICAgICAgICJtYXNrIjogdHJ1ZSwKICAgICAgICAibmFtZSI6ICJmbGFubmVsZC5zZXJ2aWNlIgogICAgICB9LAogICAgICB7CiAgICAgICAgImVuYWJsZWQiOiBmYWxzZSwKICAgICAgICAibWFzayI6IHRydWUsCiAgICAgICAgIm5hbWUiOiAic3lzdGVtZC1uZXR3b3JrZC13YWl0LW9ubGluZS5zZXJ2aWNlIgogICAgICB9CiAgICBdCiAgfQp9Cg==
kind: Secret
metadata:
  creationTimestamp: null
  name: nopo1-machine-pool-ignition
  namespace: default
  ownerReferences:
  - apiVersion: core.giantswarm.io/v1alpha1
    blockOwnerDeletion: true
    kind: Spark
    name: nopo1
    uid: ""
  resourceVersion: "1"
